[debug] [2026-09-16T19:32:49.826Z] ----------------------------------------------------------------------
[debug] [2026-09-16T19:32:49.828Z] Command:       D:\Program Files\nodejs\node.exe D:\Users\Ryan\AppData\Roaming\npm\node_modules\firebase-tools\lib\bin\firebase.js firestore:databases:list --project hearthealth-dsi
[debug] [2026-09-16T19:32:49.828Z] CLI Version:   15.30.1
[debug] [2026-09-16T19:32:49.828Z] Platform:      win32
[debug] [2026-09-16T19:32:49.828Z] Node Version:  v25.2.0
[debug] [2026-09-16T19:32:49.828Z] Detected Agent: cline
[debug] [2026-09-16T19:32:49.829Z] Time:          Wed Sep 16 2026 16:32:49 GMT-0300 (Horário Padrão de Brasília)
[debug] [2026-09-16T19:32:49.829Z] ----------------------------------------------------------------------
[debug] 
[debug] [2026-09-16T19:32:50.996Z] > command requires scopes: ["email","openid","https://www.googleapis.com/auth/cloudplatformprojects.readonly","https://www.googleapis.com/auth/firebase","https://www.googleapis.com/auth/cloud-platform"]
[debug] [2026-09-16T19:32:50.996Z] > authorizing via signed-in user (ryan.batista@ufrpe.br)
[debug] [2026-09-16T19:32:50.996Z] [iam] checking project hearthealth-dsi for permissions ["datastore.databases.list","firebase.projects.get"]
[debug] [2026-09-16T19:32:51.005Z] Checked if tokens are valid: false, expires at: 1789587692682
[debug] [2026-09-16T19:32:51.006Z] Checked if tokens are valid: false, expires at: 1789587692682
[debug] [2026-09-16T19:32:51.006Z] > refreshing access token with scopes: []
[debug] [2026-09-16T19:32:51.007Z] >>> [apiv2][query] POST https://www.googleapis.com/oauth2/v3/token [none]
[debug] [2026-09-16T19:32:51.008Z] >>> [apiv2][body] POST https://www.googleapis.com/oauth2/v3/token [omitted]
[debug] [2026-09-16T19:32:51.453Z] <<< [apiv2][status] POST https://www.googleapis.com/oauth2/v3/token 200
[debug] [2026-09-16T19:32:51.453Z] <<< [apiv2][body] POST https://www.googleapis.com/oauth2/v3/token [omitted]
[debug] [2026-09-16T19:32:51.465Z] >>> [apiv2][query] POST https://cloudresourcemanager.googleapis.com/v1/projects/hearthealth-dsi:testIamPermissions [none]
[debug] [2026-09-16T19:32:51.466Z] >>> [apiv2][(partial)header] POST https://cloudresourcemanager.googleapis.com/v1/projects/hearthealth-dsi:testIamPermissions  x-goog-user-project=hearthealth-dsi
[debug] [2026-09-16T19:32:51.466Z] >>> [apiv2][body] POST https://cloudresourcemanager.googleapis.com/v1/projects/hearthealth-dsi:testIamPermissions {"permissions":["datastore.databases.list","firebase.projects.get"]}
[debug] [2026-09-16T19:32:51.870Z] <<< [apiv2][status] POST https://cloudresourcemanager.googleapis.com/v1/projects/hearthealth-dsi:testIamPermissions 200
[debug] [2026-09-16T19:32:51.870Z] <<< [apiv2][body] POST https://cloudresourcemanager.googleapis.com/v1/projects/hearthealth-dsi:testIamPermissions {"permissions":["datastore.databases.list","firebase.projects.get"]}
[debug] [2026-09-16T19:32:51.871Z] Checked if tokens are valid: true, expires at: 1789590770453
[debug] [2026-09-16T19:32:51.871Z] Checked if tokens are valid: true, expires at: 1789590770453
[debug] [2026-09-16T19:32:51.871Z] >>> [apiv2][query] GET https://firestore.googleapis.com/v1/projects/hearthealth-dsi/databases [none]
