Resolving dependencies...
Downloading packages...
  dropdown_search 5.0.6 (7.0.0 available)
  flutter_lints 5.0.0 (6.0.0 available)
  lints 5.1.1 (6.1.0 available)
  material_color_utilities 0.13.0 (0.13.1 available)
  test_api 0.7.12 (0.7.14 available)
Got dependencies!
5 packages have newer versions incompatible with dependency constraints.
Try `flutter pub outdated` for more information.
00:00 +0: loading d:/Users/Ryan/Desktop/Projetos Pessoais/Facul/ML-DSI/projdsi-ufrpe/frontend/test/widget_test.dart
00:00 +0: login screen renders main elements
00:00 +1: All tests passed!
